sys.executable: C:\Users\teert\OneDrive\Documents\Teerth Projects\Uber nyc TLC Dataset\.venv\Scripts\python.exe VENV_PYTHON: C:\Users\teert\OneDrive\Documents\Teerth Projects\Uber nyc TLC Dataset\.venv\Scripts\python.exe cwd: C:\Users\teert\OneDrive\Documents\Teerth Projects\Uber nyc TLC Dataset
[32m2026-08-16 11:30:28.809[0m | [1mINFO    [0m | [36mbackend.services.tariff_profiles[0m:[36mload[0m:[36m238[0m - [1mtariprogress 25/285 ok=25 skip=0 fail=0
progress 50/285 ok=50 skip=0 fail=0
progress 75/285 ok=75 skip=0 fail=0
progress 100/285 ok=100 skip=0 fail=0
progress 125/285 ok=125 skip=0 fail=0
progress 150/285 ok=150 skip=0 fail=0
progress 175/285 ok=173 skip=2 fail=0
progress 200/285 ok=197 skip=3 fail=0
progress 225/285 ok=221 skip=4 fail=0
progress 250/285 ok=244 skip=6 fail=0
progress 275/285 ok=268 skip=7 fail=0
DONE total=285 ok=278 skip=7 fail=0
278 ok=124 skip=1 fail=0
progress 150/278 ok=148 skip=2 fail=0
progress 175/278 ok=172 skip=3 fail=0
progress 200/278 ok=197 skip=3 fail=0
progress 225/278 ok=222 skip=3 fail=0
progress 250/278 ok=246 skip=4 fail=0
progress 275/278 ok=271 skip=4 fail=0
DONE total=278 ok=274 skip=4 fail=0
